2025-05-05T06:50:49.257+05:30  INFO 18415 --- [restartedMain] rtReservationManagementSystemApplication : Starting ResortReservationManagementSystemApplication using Java 17.0.10 with PID 18415 (/Users/aryankumar/Downloads/ResortReservationManagementSystem 2/ResortReservationManagementSystem 1/ResortReservationManagementSystem/target/classes started by aryankumar in /Users/aryankumar/Downloads/ResortReservationManagementSystem 2/ResortReservationManagementSystem 1/ResortReservationManagementSystem)
2025-05-05T06:50:49.257+05:30  INFO 18415 --- [restartedMain] rtReservationManagementSystemApplication : The following 1 profile is active: "dev"
2025-05-05T06:50:49.625+05:30  INFO 18415 --- [restartedMain] .s.d.r.c.RepositoryConfigurationDelegate : Bootstrapping Spring Data JPA repositories in DEFAULT mode.
2025-05-05T06:50:49.641+05:30  INFO 18415 --- [restartedMain] .s.d.r.c.RepositoryConfigurationDelegate : Finished Spring Data repository scanning in 15 ms. Found 3 JPA repository interfaces.
2025-05-05T06:50:49.816+05:30  INFO 18415 --- [restartedMain] o.s.b.w.embedded.tomcat.TomcatWebServer  : Tomcat initialized with port 8080 (http)
2025-05-05T06:50:49.817+05:30  INFO 18415 --- [restartedMain] o.apache.catalina.core.StandardService   : Starting service [Tomcat]
2025-05-05T06:50:49.817+05:30  INFO 18415 --- [restartedMain] o.apache.catalina.core.StandardEngine    : Starting Servlet engine: [Apache Tomcat/10.1.30]
2025-05-05T06:50:49.828+05:30  INFO 18415 --- [restartedMain] o.a.c.c.C.[Tomcat].[localhost].[/]       : Initializing Spring embedded WebApplicationContext
2025-05-05T06:50:49.828+05:30  INFO 18415 --- [restartedMain] w.s.c.ServletWebServerApplicationContext : Root WebApplicationContext: initialization completed in 569 ms
2025-05-05T06:50:49.958+05:30  INFO 18415 --- [restartedMain] o.hibernate.jpa.internal.util.LogHelper  : HHH000204: Processing PersistenceUnitInfo [name: default]
2025-05-05T06:50:49.961+05:30  INFO 18415 --- [restartedMain] o.h.c.internal.RegionFactoryInitiator    : HHH000026: Second-level cache disabled
2025-05-05T06:50:49.969+05:30  INFO 18415 --- [restartedMain] o.s.o.j.p.SpringPersistenceUnitInfo      : No LoadTimeWeaver setup: ignoring JPA class transformer
2025-05-05T06:50:49.970+05:30  INFO 18415 --- [restartedMain] com.zaxxer.hikari.HikariDataSource       : HikariPool-7 - Starting...
2025-05-05T06:50:49.986+05:30  INFO 18415 --- [restartedMain] com.zaxxer.hikari.pool.HikariPool        : HikariPool-7 - Added connection com.mysql.cj.jdbc.ConnectionImpl@6828c9a3
2025-05-05T06:50:49.986+05:30  INFO 18415 --- [restartedMain] com.zaxxer.hikari.HikariDataSource       : HikariPool-7 - Start completed.
2025-05-05T06:50:50.064+05:30  INFO 18415 --- [restartedMain] o.h.e.t.j.p.i.JtaPlatformInitiator       : HHH000489: No JTA platform available (set 'hibernate.transaction.jta.platform' to enable JTA platform integration)
2025-05-05T06:50:50.095+05:30  INFO 18415 --- [restartedMain] j.LocalContainerEntityManagerFactoryBean : Initialized JPA EntityManagerFactory for persistence unit 'default'
2025-05-05T06:50:50.322+05:30  WARN 18415 --- [restartedMain] JpaBaseConfiguration$JpaWebConfiguration : spring.jpa.open-in-view is enabled by default. Therefore, database queries may be performed during view rendering. Explicitly configure spring.jpa.open-in-view to disable this warning
2025-05-05T06:50:50.934+05:30  INFO 18415 --- [restartedMain] o.s.b.d.a.OptionalLiveReloadServer       : LiveReload server is running on port 35729
2025-05-05T06:50:50.943+05:30  INFO 18415 --- [restartedMain] o.s.b.a.e.web.EndpointLinksResolver      : Exposing 15 endpoints beneath base path '/actuator'
2025-05-05T06:50:50.987+05:30  INFO 18415 --- [restartedMain] o.s.b.w.embedded.tomcat.TomcatWebServer  : Tomcat started on port 8080 (http) with context path '/'
2025-05-05T06:50:51.002+05:30  INFO 18415 --- [restartedMain] rtReservationManagementSystemApplication : Started ResortReservationManagementSystemApplication in 1.809 seconds (process running for 822.1)
2025-05-05T06:50:51.005+05:30  INFO 18415 --- [restartedMain] .ConditionEvaluationDeltaLoggingListener : Condition evaluation delta:


==========================
CONDITION EVALUATION DELTA
==========================


Positive matches:
-----------------

   LogFileWebEndpointAutoConfiguration#logFileWebEndpoint matched:
      - Log File found logging.file.name poolapp.log (LogFileWebEndpointAutoConfiguration.LogFileCondition)
      - @ConditionalOnMissingBean (types: org.springframework.boot.actuate.logging.LogFileWebEndpoint; SearchStrategy: all) did not find any beans (OnBeanCondition)


Negative matches:
-----------------

    None


Exclusions:
-----------

    None


Unconditional classes:
----------------------

    None



2025-05-05T06:51:13.641+05:30  INFO 18415 --- [RMI TCP Connection(19)-127.0.0.1] inMXBeanRegistrar$SpringApplicationAdmin : Application shutdown requested.
2025-05-05T06:51:13.648+05:30  INFO 18415 --- [RMI TCP Connection(19)-127.0.0.1] j.LocalContainerEntityManagerFactoryBean : Closing JPA EntityManagerFactory for persistence unit 'default'
2025-05-05T06:51:13.655+05:30  INFO 18415 --- [RMI TCP Connection(19)-127.0.0.1] com.zaxxer.hikari.HikariDataSource       : HikariPool-7 - Shutdown initiated...
2025-05-05T06:51:13.705+05:30  INFO 18415 --- [RMI TCP Connection(19)-127.0.0.1] com.zaxxer.hikari.HikariDataSource       : HikariPool-7 - Shutdown completed.
2025-05-05T06:51:23.965+05:30  INFO 18845 --- [restartedMain] rtReservationManagementSystemApplication : Starting ResortReservationManagementSystemApplication using Java 17.0.10 with PID 18845 (/Users/aryankumar/Downloads/ResortReservationManagementSystem 2/ResortReservationManagementSystem 1/ResortReservationManagementSystem/target/classes started by aryankumar in /Users/aryankumar/Downloads/ResortReservationManagementSystem 2/ResortReservationManagementSystem 1/ResortReservationManagementSystem)
2025-05-05T06:51:23.969+05:30  INFO 18845 --- [restartedMain] rtReservationManagementSystemApplication : The following 1 profile is active: "dev"
2025-05-05T06:51:24.052+05:30  INFO 18845 --- [restartedMain] .e.DevToolsPropertyDefaultsPostProcessor : Devtools property defaults active! Set 'spring.devtools.add-properties' to 'false' to disable
2025-05-05T06:51:24.053+05:30  INFO 18845 --- [restartedMain] .e.DevToolsPropertyDefaultsPostProcessor : For additional web related logging consider setting the 'logging.level.web' property to 'DEBUG'
2025-05-05T06:51:25.883+05:30  INFO 18845 --- [restartedMain] .s.d.r.c.RepositoryConfigurationDelegate : Bootstrapping Spring Data JPA repositories in DEFAULT mode.
2025-05-05T06:51:25.993+05:30  INFO 18845 --- [restartedMain] .s.d.r.c.RepositoryConfigurationDelegate : Finished Spring Data repository scanning in 93 ms. Found 3 JPA repository interfaces.
2025-05-05T06:51:27.351+05:30  INFO 18845 --- [restartedMain] o.s.b.w.embedded.tomcat.TomcatWebServer  : Tomcat initialized with port 8080 (http)
2025-05-05T06:51:27.374+05:30  INFO 18845 --- [restartedMain] o.apache.catalina.core.StandardService   : Starting service [Tomcat]
2025-05-05T06:51:27.374+05:30  INFO 18845 --- [restartedMain] o.apache.catalina.core.StandardEngine    : Starting Servlet engine: [Apache Tomcat/10.1.30]
2025-05-05T06:51:27.464+05:30  INFO 18845 --- [restartedMain] o.a.c.c.C.[Tomcat].[localhost].[/]       : Initializing Spring embedded WebApplicationContext
2025-05-05T06:51:27.465+05:30  INFO 18845 --- [restartedMain] w.s.c.ServletWebServerApplicationContext : Root WebApplicationContext: initialization completed in 3411 ms
2025-05-05T06:51:27.945+05:30  INFO 18845 --- [restartedMain] o.hibernate.jpa.internal.util.LogHelper  : HHH000204: Processing PersistenceUnitInfo [name: default]
2025-05-05T06:51:28.097+05:30  INFO 18845 --- [restartedMain] org.hibernate.Version                    : HHH000412: Hibernate ORM core version 6.5.3.Final
2025-05-05T06:51:28.177+05:30  INFO 18845 --- [restartedMain] o.h.c.internal.RegionFactoryInitiator    : HHH000026: Second-level cache disabled
2025-05-05T06:51:28.789+05:30  INFO 18845 --- [restartedMain] o.s.o.j.p.SpringPersistenceUnitInfo      : No LoadTimeWeaver setup: ignoring JPA class transformer
2025-05-05T06:51:28.840+05:30  INFO 18845 --- [restartedMain] com.zaxxer.hikari.HikariDataSource       : HikariPool-1 - Starting...
2025-05-05T06:51:29.292+05:30  INFO 18845 --- [restartedMain] com.zaxxer.hikari.pool.HikariPool        : HikariPool-1 - Added connection com.mysql.cj.jdbc.ConnectionImpl@aec7247
2025-05-05T06:51:29.296+05:30  INFO 18845 --- [restartedMain] com.zaxxer.hikari.HikariDataSource       : HikariPool-1 - Start completed.
2025-05-05T06:51:31.229+05:30  INFO 18845 --- [restartedMain] o.h.e.t.j.p.i.JtaPlatformInitiator       : HHH000489: No JTA platform available (set 'hibernate.transaction.jta.platform' to enable JTA platform integration)
2025-05-05T06:51:31.401+05:30  INFO 18845 --- [restartedMain] j.LocalContainerEntityManagerFactoryBean : Initialized JPA EntityManagerFactory for persistence unit 'default'
2025-05-05T06:51:32.407+05:30  WARN 18845 --- [restartedMain] JpaBaseConfiguration$JpaWebConfiguration : spring.jpa.open-in-view is enabled by default. Therefore, database queries may be performed during view rendering. Explicitly configure spring.jpa.open-in-view to disable this warning
2025-05-05T06:51:34.015+05:30  INFO 18845 --- [restartedMain] o.s.b.d.a.OptionalLiveReloadServer       : LiveReload server is running on port 35729
2025-05-05T06:51:34.032+05:30  INFO 18845 --- [restartedMain] o.s.b.a.e.web.EndpointLinksResolver      : Exposing 15 endpoints beneath base path '/actuator'
2025-05-05T06:51:34.188+05:30  INFO 18845 --- [restartedMain] o.s.b.w.embedded.tomcat.TomcatWebServer  : Tomcat started on port 8080 (http) with context path '/'
2025-05-05T06:51:34.215+05:30  INFO 18845 --- [restartedMain] rtReservationManagementSystemApplication : Started ResortReservationManagementSystemApplication in 10.941 seconds (process running for 12.013)
2025-05-05T06:55:44.108+05:30  INFO 18845 --- [RMI TCP Connection(8)-127.0.0.1] inMXBeanRegistrar$SpringApplicationAdmin : Application shutdown requested.
2025-05-05T06:55:44.161+05:30  INFO 18845 --- [RMI TCP Connection(8)-127.0.0.1] j.LocalContainerEntityManagerFactoryBean : Closing JPA EntityManagerFactory for persistence unit 'default'
2025-05-05T06:55:44.173+05:30  INFO 18845 --- [RMI TCP Connection(8)-127.0.0.1] com.zaxxer.hikari.HikariDataSource       : HikariPool-1 - Shutdown initiated...
2025-05-05T06:55:44.245+05:30  INFO 18845 --- [RMI TCP Connection(8)-127.0.0.1] com.zaxxer.hikari.HikariDataSource       : HikariPool-1 - Shutdown completed.
